../Core/Inc/uros/uros_init.cpp:34:6:void uros_init()	40	static
../Core/Inc/uros/uros_init.cpp:56:6:void uros_agent_status_check()	8	static
../Core/Inc/uros/uros_init.cpp:79:6:void handle_state_agent_waiting()	8	static
../Core/Inc/uros/uros_init.cpp:83:6:void handle_state_agent_available()	8	static
../Core/Inc/uros/uros_init.cpp:88:6:void handle_state_agent_connected()	8	static
../Core/Inc/uros/uros_init.cpp:101:6:void handle_state_agent_trying()	8	static
../Core/Inc/uros/uros_init.cpp:114:6:void handle_state_agent_disconnected()	8	static
../Core/Inc/uros/uros_init.cpp:120:6:void uros_create_entities()	48	static
../Core/Inc/uros/uros_init.cpp:151:6:void uros_destroy_entities()	16	static
../Core/Inc/uros/uros_init.cpp:170:6:void test_pub_timer_cb(rcl_timer_t*, int64_t)	32	static
